 tcp.6l3.b1         15.000000000000000        15.000000000000000        15.000000000000000        15.000000000000000        0.0000000000000000        0.0000000000000000        15.000000000000000        0.0000000000000000     
           1 TCP.6L3.B1      tcp.6l3.b1         15.000000000000000     
 INFO> IPENCIL new (if do_mingap)            0
 INFO> rnd_seed is (before reinit)   645685828
