 tcp.6l3.b1         131.33202649377969        145.23631886234767       1.91568691377285265E-002  1.83422381052414591E-003   15.000000000000000        0.0000000000000000     
           1 TCP.6L3.B1      tcp.6l3.b1         15.000000000000000     
 INFO> IPENCIL initial            0
 INFO> IPENCIL new (if do_mingap)            0
